../Core/Src/main.c:143:6:UselessBox_StandardRoutine	8	static
../Core/Src/main.c:151:6:UselessBox_AngryRoutine	16	static
../Core/Src/main.c:165:6:UselessBox_WaveringRoutine	16	static
../Core/Src/main.c:181:6:UselessBox_RoutineDecider	8	static
../Core/Src/main.c:190:10:Servo_SetAngle	24	static
../Core/Src/main.c:201:10:Servo_CalculatePulseWidth	16	static
../Core/Src/main.c:205:6:Servo_SweepAngle	24	static
../Core/Src/main.c:224:6:Speaker_OutputSample	16	static
../Core/Src/main.c:228:6:Speaker_DWT_Init	4	static
../Core/Src/main.c:234:6:Speaker_DWTDelay_us	24	static
../Core/Src/main.c:240:6:LED_SetColor	16	static
../Core/Src/main.c:246:6:HSV_to_RGB	72	static
../Core/Src/main.c:273:5:main	8	static
../Core/Src/main.c:357:6:SystemClock_Config	88	static
../Core/Src/main.c:404:13:MX_TIM2_Init	64	static
../Core/Src/main.c:468:13:MX_TIM3_Init	64	static
../Core/Src/main.c:535:13:MX_TIM4_Init	64	static
../Core/Src/main.c:594:13:MX_USART2_UART_Init	8	static
../Core/Src/main.c:627:13:MX_GPIO_Init	48	static
../Core/Src/main.c:672:6:HAL_GPIO_EXTI_Callback	16	static
../Core/Src/main.c:703:6:Error_Handler	4	static,ignoring_inline_asm
